P_SSHCTRL01
P_AIRH4STP887
P_APIMMD01
P_APIMMD02
P_APIMMD03
P_APIMMD04
P_APIMMD06
P_APIMMD07
P_APIMMD08
P_APIMMD10
P_APIMMD11
P_APIMMD12
P_APIMMD13
P_APIMMD15
P_APIMMD16
P_APIMMD17
P_APIMMD18
P_APIMMD19
P_APIMMD20
P_APIMMD21
P_APIMMD22
P_APIMMD23
P_APIMMD24
P_APIMMD25
P_APIMMD26
P_APIMMD27
P_APIMMD28
P_APIMMD29
P_APIMMD30
P_ACSSZSPSH2H4
P_ACSSZSPSH6H8
P_ACSSZSPSM2P0
P_CHILLERS186
P_COOLBA1
P_COOLBA2
P_COOLBA3
P_COOLBA4
P_COOLBA5
P_COOLBA6
P_COOLBA7
P_COOLBA80
P_COOLBA81
P_COOLBA82
P_COOLBB3
P_COOLSTPSH5
P_COOLSTPSX5
P_COOLTOURBA6
P_COUNTMEYGA
P_COUNTMEYGB
P_COUNTMEYGE
P_COUNTPREV
P_CSAM51
P_CSAM52
P_CSAM53
P_CSAM54
P_CSAM55
P_CSAM56
P_CSAM57
P_CSAM58
P_CSAM59
P_CSAM60
P_CSAM61
P_CSAM62
P_CSAM63
P_CSAM64
P_CSAM65
P_CTF3COOLPLC
P_CVRMTDEV01_OFS
P_CVRMTDEV01_SNT
P_CVRPPLHC01_OFS
P_CVRSVEXP01_OFS
P_CVRSVEXP01_SNT
P_CVRSVGEN01_SNT
P_CVRVLHC02_SNT
P_CVRMTVENTLHC01
P_DBDAQ01
P_DIP01
P_ENS01
P_GTCCHILLSU1
P_GTCCHILLSU2
P_GTCCHILLSU32
P_GTCCHILLSU4
P_GTCCHILLSU6
P_GTCCHILLSU7
P_GTCCHILLSU8
P_GTCCHILLSUX1
P_GTCCHILLSZU33
P_GTCCOOLCNGS
P_GTCCOOLUSA15
P_GTCPOMPSF1
P_GTCPOMPSF2
P_GTCPOMPSF4
P_GTCPOMPSF5
P_GTCPOMPSF6
P_GTCPOMPSF8
P_GTCPOMPUW25
P_GTCPOMPUW45
P_GTCPOMPUW65
P_GTCPOMPUW85
P_GTCTOURS378
P_GTCVENT1
P_GTCVENT18
P_GTCVENT4
P_GTCVENT5
P_GTCVENT6
P_GTCVENT8
P_GTCVENTATLAS
P_GTCVENTCNGS
P_JAPC01
P_LACS01
P_LASER01
P_PLCTE80
P_PLDCOMMPLC1
P_PSACSSZAD
P_PSACSSZEHALL
P_PSCCCPRIM
P_SGATEWAY01
P_VCVRSLHC01_SNT
P_CVRSVGEN01_OFS
P_CVRCLSPS01_SNT
P_CVRVSPS01_SNT
P_DIAMON01
P_VENTSR1
P_CVRMTDEV01_BAC
P_CVBACNET01_BAC
P_PLCLIFTCMS
P_SPSVIDEO
P_STEP676
P_YZPOWERMAN
